Error: Sorted input specified, but the file plugins/ClosestBED/example/B.sorted.bed has the following out of order record
chr21	34096603	34096618	uc002yta.1	0	+
